I'm sorry, but errors were detected in your script. Please correct the
errors listed below, and try again.


File "game/script.rpy", line 665: expected statement.
    lebel end:
             ^

Ren'Py Version: Ren'Py 8.3.7.25031702
Sun Sep 21 09:42:29 2025
